\BOOKMARK [0][-]{chapter.1}{\376\377\000I\000n\000t\000r\000o\000d\000u\000c\000t\000i\000o\000n}{}% 1
\BOOKMARK [1][-]{section.1.1}{\376\377\000B\000a\000c\000k\000g\000r\000o\000u\000n\000d}{chapter.1}% 2
\BOOKMARK [1][-]{section.1.2}{\376\377\000P\000r\000o\000b\000l\000e\000m}{chapter.1}% 3
\BOOKMARK [2][-]{subsection.1.2.1}{\376\377\000O\000r\000i\000g\000i\000n\000a\000l\000\040\000p\000r\000o\000b\000l\000e\000m\000\040\000a\000n\000d\000\040\000d\000e\000f\000i\000n\000i\000t\000i\000o\000n}{section.1.2}% 4
\BOOKMARK [2][-]{subsection.1.2.2}{\376\377\000S\000c\000i\000e\000n\000t\000i\000f\000i\000c\000\040\000a\000n\000d\000\040\000e\000n\000g\000i\000n\000e\000e\000r\000i\000n\000g\000\040\000i\000s\000s\000u\000e\000s}{section.1.2}% 5
\BOOKMARK [1][-]{section.1.3}{\376\377\000P\000u\000r\000p\000o\000s\000e}{chapter.1}% 6
\BOOKMARK [1][-]{section.1.4}{\376\377\000G\000o\000a\000l\000s}{chapter.1}% 7
\BOOKMARK [1][-]{section.1.5}{\376\377\000R\000e\000s\000e\000a\000r\000c\000h\000\040\000M\000e\000t\000h\000o\000d\000o\000l\000o\000g\000y}{chapter.1}% 8
\BOOKMARK [1][-]{section.1.6}{\376\377\000D\000e\000l\000i\000m\000i\000t\000a\000t\000i\000o\000n\000s}{chapter.1}% 9
\BOOKMARK [1][-]{section.1.7}{\376\377\000S\000t\000r\000u\000c\000t\000u\000r\000e\000\040\000o\000f\000\040\000t\000h\000e\000\040\000t\000h\000e\000s\000i\000s}{chapter.1}% 10
\BOOKMARK [0][-]{chapter.2}{\376\377\000B\000a\000c\000k\000g\000r\000o\000u\000n\000d}{}% 11
\BOOKMARK [1][-]{section.2.1}{\376\377\000S\000t\000a\000t\000e\000\040\000E\000s\000t\000i\000m\000a\000t\000i\000o\000n}{chapter.2}% 12
\BOOKMARK [2][-]{subsection.2.1.1}{\376\377\000E\000x\000t\000e\000n\000d\000e\000d\000\040\000K\000a\000l\000m\000a\000n\000\040\000f\000i\000l\000t\000e\000r}{section.2.1}% 13
\BOOKMARK [2][-]{subsection.2.1.2}{\376\377\000B\000o\000o\000t\000s\000t\000r\000a\000p\000\040\000p\000a\000r\000t\000i\000c\000l\000e\000\040\000f\000i\000l\000t\000e\000r}{section.2.1}% 14
\BOOKMARK [2][-]{subsection.2.1.3}{\376\377\000O\000b\000s\000e\000r\000v\000a\000b\000i\000l\000i\000t\000y\000\040\000i\000n\000\040\000N\000o\000n\000l\000i\000n\000e\000a\000r\000\040\000D\000i\000s\000c\000r\000e\000t\000e\000-\000T\000i\000m\000e\000\040\000S\000t\000a\000t\000e\000-\000S\000p\000a\000c\000e\000\040\000M\000o\000d\000e\000l\000s}{section.2.1}% 15
\BOOKMARK [2][-]{subsection.2.1.4}{\376\377\000R\000e\000l\000a\000t\000e\000d\000\040\000W\000o\000r\000k}{section.2.1}% 16
\BOOKMARK [1][-]{section.2.2}{\376\377\000P\000a\000r\000a\000m\000e\000t\000e\000r\000\040\000E\000s\000t\000i\000m\000a\000t\000i\000o\000n}{chapter.2}% 17
\BOOKMARK [2][-]{subsection.2.2.1}{\376\377\000S\000t\000a\000t\000e\000\040\000A\000u\000g\000m\000e\000n\000t\000a\000t\000i\000o\000n}{section.2.2}% 18
\BOOKMARK [2][-]{subsection.2.2.2}{\376\377\000R\000e\000l\000a\000t\000e\000d\000\040\000W\000o\000r\000k}{section.2.2}% 19
\BOOKMARK [1][-]{section.2.3}{\376\377\000S\000u\000m\000m\000a\000r\000y}{chapter.2}% 20
\BOOKMARK [0][-]{chapter.3}{\376\377\000M\000e\000t\000h\000o\000d\000o\000l\000o\000g\000y}{}% 21
\BOOKMARK [1][-]{section.3.1}{\376\377\000R\000e\000s\000e\000a\000r\000c\000h\000\040\000P\000r\000o\000c\000e\000s\000s}{chapter.3}% 22
\BOOKMARK [1][-]{section.3.2}{\376\377\000R\000e\000s\000e\000a\000r\000c\000h\000\040\000P\000a\000r\000a\000d\000i\000g\000m}{chapter.3}% 23
\BOOKMARK [1][-]{section.3.3}{\376\377\000D\000a\000t\000a\000\040\000G\000e\000n\000e\000r\000a\000t\000i\000o\000n}{chapter.3}% 24
\BOOKMARK [1][-]{section.3.4}{\376\377\000A\000s\000s\000e\000s\000s\000i\000n\000g\000\040\000r\000e\000l\000i\000a\000b\000i\000l\000i\000t\000y\000\040\000a\000n\000d\000\040\000v\000a\000l\000i\000d\000i\000t\000y\000\040\000o\000f\000\040\000t\000h\000e\000\040\000d\000a\000t\000a\000\040\000g\000e\000n\000e\000r\000a\000t\000e\000d}{chapter.3}% 25
\BOOKMARK [2][-]{subsection.3.4.1}{\376\377\000V\000a\000l\000i\000d\000i\000t\000y\000\040\000o\000f\000\040\000m\000e\000t\000h\000o\000d}{section.3.4}% 26
\BOOKMARK [2][-]{subsection.3.4.2}{\376\377\000R\000e\000l\000i\000a\000b\000i\000l\000i\000t\000y\000\040\000o\000f\000\040\000m\000e\000t\000h\000o\000d}{section.3.4}% 27
\BOOKMARK [1][-]{section.3.5}{\376\377\000E\000v\000a\000l\000u\000a\000t\000i\000o\000n\000\040\000f\000r\000a\000m\000e\000w\000o\000r\000k}{chapter.3}% 28
\BOOKMARK [1][-]{section.3.6}{\376\377\000O\000b\000s\000e\000r\000v\000a\000b\000i\000l\000i\000t\000y\000\040\000i\000n\000\040\000I\000n\000s\000u\000l\000i\000n\000-\000G\000l\000u\000c\000o\000s\000e\000\040\000D\000y\000n\000a\000m\000i\000c\000\040\000M\000o\000d\000e\000l\000s}{chapter.3}% 29
\BOOKMARK [1][-]{section.3.7}{\376\377\000N\000o\000n\000l\000i\000n\000e\000a\000r\000\040\000S\000t\000a\000t\000e\000\040\000E\000s\000t\000i\000m\000a\000t\000i\000o\000n}{chapter.3}% 30
\BOOKMARK [1][-]{section.3.8}{\376\377\000P\000a\000r\000a\000m\000e\000t\000e\000r\000\040\000E\000s\000t\000i\000m\000a\000t\000i\000o\000n}{chapter.3}% 31
\BOOKMARK [0][-]{chapter.4}{\376\377\000R\000e\000s\000u\000l\000t\000s\000\040\000a\000n\000d\000\040\000A\000n\000a\000l\000y\000s\000i\000s}{}% 32
\BOOKMARK [1][-]{section.4.1}{\376\377\000M\000a\000j\000o\000r\000\040\000r\000e\000s\000u\000l\000t\000s}{chapter.4}% 33
\BOOKMARK [1][-]{section.4.2}{\376\377\000R\000e\000l\000i\000a\000b\000i\000l\000i\000t\000y\000\040\000A\000n\000a\000l\000y\000s\000i\000s}{chapter.4}% 34
\BOOKMARK [1][-]{section.4.3}{\376\377\000V\000a\000l\000i\000d\000i\000t\000y\000\040\000A\000n\000a\000l\000y\000s\000i\000s}{chapter.4}% 35
\BOOKMARK [0][-]{chapter.5}{\376\377\000D\000i\000s\000c\000u\000s\000s\000i\000o\000n}{}% 36
\BOOKMARK [0][-]{chapter.6}{\376\377\000C\000o\000n\000c\000l\000u\000s\000i\000o\000n\000s\000\040\000a\000n\000d\000\040\000F\000u\000t\000u\000r\000e\000\040\000w\000o\000r\000k}{}% 37
\BOOKMARK [1][-]{section.6.1}{\376\377\000C\000o\000n\000c\000l\000u\000s\000i\000o\000n\000s}{chapter.6}% 38
\BOOKMARK [1][-]{section.6.2}{\376\377\000L\000i\000m\000i\000t\000a\000t\000i\000o\000n\000s}{chapter.6}% 39
\BOOKMARK [1][-]{section.6.3}{\376\377\000F\000u\000t\000u\000r\000e\000\040\000w\000o\000r\000k}{chapter.6}% 40
\BOOKMARK [2][-]{subsection.6.3.1}{\376\377\000W\000h\000a\000t\000\040\000h\000a\000s\000\040\000b\000e\000e\000n\000\040\000l\000e\000f\000t\000\040\000u\000n\000d\000o\000n\000e\000?}{section.6.3}% 41
\BOOKMARK [3][-]{subsubsection.6.3.1.1}{\376\377\000C\000o\000s\000t\000\040\000a\000n\000a\000l\000y\000s\000i\000s}{subsection.6.3.1}% 42
\BOOKMARK [3][-]{subsubsection.6.3.1.2}{\376\377\000S\000e\000c\000u\000r\000i\000t\000y}{subsection.6.3.1}% 43
\BOOKMARK [2][-]{subsection.6.3.2}{\376\377\000N\000e\000x\000t\000\040\000o\000b\000v\000i\000o\000u\000s\000\040\000t\000h\000i\000n\000g\000s\000\040\000t\000o\000\040\000b\000e\000\040\000d\000o\000n\000e}{section.6.3}% 44
\BOOKMARK [1][-]{section.6.4}{\376\377\000R\000e\000f\000l\000e\000c\000t\000i\000o\000n\000s}{chapter.6}% 45
\BOOKMARK [0][-]{section*.27}{\376\377\000R\000e\000f\000e\000r\000e\000n\000c\000e\000s}{}% 46
\BOOKMARK [0][-]{appendix.A}{\376\377\000S\000o\000m\000e\000t\000h\000i\000n\000g\000\040\000E\000x\000t\000r\000a}{}% 47
\BOOKMARK [1][-]{section.A.1}{\376\377\000J\000u\000s\000t\000\040\000f\000o\000r\000\040\000t\000e\000s\000t\000i\000n\000g\000\040\000K\000T\000H\000\040\000c\000o\000l\000o\000r\000s}{appendix.A}% 48
\BOOKMARK [0][-]{appendix.B}{\376\377\000M\000a\000i\000n\000\040\000e\000q\000u\000a\000t\000i\000o\000n\000s}{}% 49
\BOOKMARK [1][-]{section.B.1}{\376\377\000A\000\040\000s\000i\000m\000p\000l\000e\000\040\000e\000x\000a\000m\000p\000l\000e}{appendix.B}% 50
\BOOKMARK [1][-]{section.B.2}{\376\377\000A\000n\000\040\000e\000v\000e\000n\000\040\000s\000i\000m\000p\000l\000e\000r\000\040\000e\000x\000a\000m\000p\000l\000e}{appendix.B}% 51
